// Jest Snapshot v1, https://goo.gl/fbAQLP

exports[`get movie banner show random movie banner 1`] = `"<header class="banner"><div class="banner_contents"><img class="movie_banner" src="https://static.tvmaze.com/uploads/images/medium_portrait/0/1.jpg"><h1 class="banner_title">Forest movie</h1><div class="banner_buttons"><button class="banner_button">Play</button><button class="banner_button">Add to My list</button></div><h1 class="banner_description">Great movie about forests.</h1></div><div class="banner_fadeBottom"></div></header>"`;
