// Jest Snapshot v1, https://goo.gl/fbAQLP

exports[`get random movie banner show movie banner 1`] = `""`;
